[demo-egenslab.b-cdn.net/html/ethics-html/preview/index.html]
[demo-egenslab.b-cdn.net/html/ethics-html/preview/assets/css/swiper-bundle.min.css]
[demo-egenslab.b-cdn.net/html/ethics-html/preview/assets/css/jquery.fancybox.min.css]
[demo-egenslab.b-cdn.net/html/ethics-html/preview/assets/css/animate.css]
[demo-egenslab.b-cdn.net/html/ethics-html/preview/assets/css/nice-select.css]
[demo-egenslab.b-cdn.net/html/ethics-html/preview/assets/css/bootstrap-icons.min.css]
[demo-egenslab.b-cdn.net/html/ethics-html/preview/assets/css/bootstrap.min.css]
[demo-egenslab.b-cdn.net/html/ethics-html/preview/assets/css/boxicons.min.css]
[backblue.gif]
[fade.gif]
[index.html]
[demo-egenslab.b-cdn.net/html/ethics-html/preview/assets/css/style.css]
[demo-egenslab.b-cdn.net/html/ethics-html/preview/assets/image/thumbnail.svg]
[demo-egenslab.b-cdn.net/html/ethics-html/preview/assets/image/home1/on-load-popup-img.jpg]
[demo-egenslab.b-cdn.net/html/ethics-html/preview/assets/image/inner-page/shop-details-tab-img1.jpg]
[demo-egenslab.b-cdn.net/html/ethics-html/preview/assets/image/inner-page/shop-details-tab-img2.jpg]
[demo-egenslab.b-cdn.net/html/ethics-html/preview/assets/image/inner-page/shop-details-tab-img3.jpg]
[demo-egenslab.b-cdn.net/html/ethics-html/preview/assets/image/inner-page/shop-details-tab-img4.jpg]
[demo-egenslab.b-cdn.net/html/ethics-html/preview/assets/image/inner-page/shop-details-tab-img5.jpg]
[demo-egenslab.b-cdn.net/html/ethics-html/preview/assets/image/inner-page/shop-details-nav-img1.png]
[demo-egenslab.b-cdn.net/html/ethics-html/preview/assets/image/inner-page/shop-details-nav-img2.png]
[demo-egenslab.b-cdn.net/html/ethics-html/preview/assets/image/inner-page/shop-details-nav-img3.png]
[demo-egenslab.b-cdn.net/html/ethics-html/preview/assets/image/inner-page/shop-details-nav-img4.png]
[demo-egenslab.b-cdn.net/html/ethics-html/preview/assets/image/inner-page/shop-details-nav-img5.png]
[demo-egenslab.b-cdn.net/html/ethics-html/preview/cart-page.html]
[demo-egenslab.b-cdn.net/html/ethics-html/preview/checkout-page.html]
[demo-egenslab.b-cdn.net/html/ethics-html/preview/whislist.html]
[demo-egenslab.b-cdn.net/html/ethics-html/preview/assets/image/ethics-logo.svg]
[demo-egenslab.b-cdn.net/html/ethics-html/preview/assets/image/ethics-logo-dark.svg]
[demo-egenslab.b-cdn.net/html/ethics-html/preview/index2.html]
[demo-egenslab.b-cdn.net/html/ethics-html/preview/index3.html]
[demo-egenslab.b-cdn.net/html/ethics-html/preview/index4.html]
[demo-egenslab.b-cdn.net/html/ethics-html/preview/index5.html]
[demo-egenslab.b-cdn.net/html/ethics-html/preview/index6.html]
[demo-egenslab.b-cdn.net/html/ethics-html/preview/3columns-left.html]
[demo-egenslab.b-cdn.net/html/ethics-html/preview/shop-slider.html]
[demo-egenslab.b-cdn.net/html/ethics-html/preview/1columns-left.html]
[demo-egenslab.b-cdn.net/html/ethics-html/preview/1columns-right.html]
[demo-egenslab.b-cdn.net/html/ethics-html/preview/2columns-left.html]
[demo-egenslab.b-cdn.net/html/ethics-html/preview/2columns-right.html]
[demo-egenslab.b-cdn.net/html/ethics-html/preview/3columns-page.html]
[demo-egenslab.b-cdn.net/html/ethics-html/preview/3columns-right.html]
[demo-egenslab.b-cdn.net/html/ethics-html/preview/4columns-page.html]
[demo-egenslab.b-cdn.net/html/ethics-html/preview/category-top.html]
[demo-egenslab.b-cdn.net/html/ethics-html/preview/top-filter-bar.html]
[demo-egenslab.b-cdn.net/html/ethics-html/preview/my-account.html]
[demo-egenslab.b-cdn.net/html/ethics-html/preview/product-details.html]
[demo-egenslab.b-cdn.net/html/ethics-html/preview/product-details2.html]
[demo-egenslab.b-cdn.net/html/ethics-html/preview/product-details3.html]
[demo-egenslab.b-cdn.net/html/ethics-html/preview/product-details4.html]
[demo-egenslab.b-cdn.net/html/ethics-html/preview/assets/image/home1/product-image4.jpg]
[demo-egenslab.b-cdn.net/html/ethics-html/preview/assets/image/home1/product-image3.jpg]
[demo-egenslab.b-cdn.net/html/ethics-html/preview/assets/image/home1/product-image2.jpg]
[demo-egenslab.b-cdn.net/html/ethics-html/preview/blog-grid.html]
[demo-egenslab.b-cdn.net/html/ethics-html/preview/blog-standard-left.html]
[demo-egenslab.b-cdn.net/html/ethics-html/preview/blog-details.html]
[demo-egenslab.b-cdn.net/html/ethics-html/preview/about-us.html]
[demo-egenslab.b-cdn.net/html/ethics-html/preview/categories.html]
[demo-egenslab.b-cdn.net/html/ethics-html/preview/categories2.html]
[demo-egenslab.b-cdn.net/html/ethics-html/preview/faq.html]
[demo-egenslab.b-cdn.net/html/ethics-html/preview/error.html]
[demo-egenslab.b-cdn.net/html/ethics-html/preview/contact.html]
[demo-egenslab.b-cdn.net/html/ethics-html/preview/services-01.html]
[demo-egenslab.b-cdn.net/html/ethics-html/preview/assets/image/home1/banner-backgraound.jpg]
[demo-egenslab.b-cdn.net/html/ethics-html/preview/assets/image/home1/banner-backgraound2.jpg]
[demo-egenslab.b-cdn.net/html/ethics-html/preview/assets/image/home1/banner-backgraound3.jpg]
[demo-egenslab.b-cdn.net/html/ethics-html/preview/assets/image/home1/product-image.jpg]
[demo-egenslab.b-cdn.net/html/ethics-html/preview/assets/image/home1/product-image9.jpg]
[demo-egenslab.b-cdn.net/html/ethics-html/preview/assets/image/home1/product-image10.jpg]
[demo-egenslab.b-cdn.net/html/ethics-html/preview/assets/image/home1/product-image11.jpg]
[demo-egenslab.b-cdn.net/html/ethics-html/preview/assets/image/home1/product-image12.jpg]
[demo-egenslab.b-cdn.net/html/ethics-html/preview/assets/image/home1/category-image.png]
[demo-egenslab.b-cdn.net/html/ethics-html/preview/assets/image/home1/category-image2.png]
[demo-egenslab.b-cdn.net/html/ethics-html/preview/assets/image/home1/category-image3.png]
[demo-egenslab.b-cdn.net/html/ethics-html/preview/assets/image/home1/category-image4.png]
[demo-egenslab.b-cdn.net/html/ethics-html/preview/assets/image/home1/category-image5.png]
[demo-egenslab.b-cdn.net/html/ethics-html/preview/assets/image/home1/category-image6.png]
[demo-egenslab.b-cdn.net/html/ethics-html/preview/assets/image/home1/sell-banner-image.jpg]
[demo-egenslab.b-cdn.net/html/ethics-html/preview/assets/image/home1/product-section3-image6.png]
[demo-egenslab.b-cdn.net/html/ethics-html/preview/assets/image/home1/product-section3-image2.png]
[demo-egenslab.b-cdn.net/html/ethics-html/preview/assets/image/home1/product-section3-image3.png]
[demo-egenslab.b-cdn.net/html/ethics-html/preview/assets/image/home1/product-section3-image4.png]
[demo-egenslab.b-cdn.net/html/ethics-html/preview/assets/image/home1/product-section3-image5.png]
[demo-egenslab.b-cdn.net/html/ethics-html/preview/assets/image/home1/product-section3-image.png]
[demo-egenslab.b-cdn.net/html/ethics-html/preview/assets/image/home1/product-section3-image7.png]
[demo-egenslab.b-cdn.net/html/ethics-html/preview/assets/image/home1/fashion-image.jpg]
[demo-egenslab.b-cdn.net/html/ethics-html/preview/assets/image/home1/jewelry-image.jpg]
[demo-egenslab.b-cdn.net/html/ethics-html/preview/assets/image/home1/partner-logo.png]
[demo-egenslab.b-cdn.net/html/ethics-html/preview/assets/image/home1/partner-logo2.png]
[demo-egenslab.b-cdn.net/html/ethics-html/preview/assets/image/home1/partner-logo3.png]
[demo-egenslab.b-cdn.net/html/ethics-html/preview/assets/image/home1/partner-logo4.png]
[demo-egenslab.b-cdn.net/html/ethics-html/preview/assets/image/home1/partner-logo5.png]
[demo-egenslab.b-cdn.net/html/ethics-html/preview/assets/image/home1/partner-logo6.png]
[demo-egenslab.b-cdn.net/html/ethics-html/preview/assets/image/home1/partner-logo7.png]
[demo-egenslab.b-cdn.net/html/ethics-html/preview/assets/image/home1/partner-logo8.png]
[demo-egenslab.b-cdn.net/html/ethics-html/preview/assets/image/home1/partner-logo9.png]
[demo-egenslab.b-cdn.net/html/ethics-html/preview/assets/image/home1/partner-logo10.png]
[demo-egenslab.b-cdn.net/html/ethics-html/preview/assets/image/home1/partner-logo11.png]
[demo-egenslab.b-cdn.net/html/ethics-html/preview/assets/image/home1/partner-logo12.png]
[demo-egenslab.b-cdn.net/html/ethics-html/preview/assets/image/home1/product-image5.jpg]
[demo-egenslab.b-cdn.net/html/ethics-html/preview/assets/image/home1/product-image6.jpg]
[demo-egenslab.b-cdn.net/html/ethics-html/preview/assets/image/home1/product-image7.jpg]
[demo-egenslab.b-cdn.net/html/ethics-html/preview/assets/image/home1/product-image8.jpg]
[demo-egenslab.b-cdn.net/html/ethics-html/preview/assets/image/home1/product-image13.png]
[demo-egenslab.b-cdn.net/html/ethics-html/preview/assets/image/home1/product-image14.png]
[demo-egenslab.b-cdn.net/html/ethics-html/preview/assets/image/home1/product-image15.png]
[demo-egenslab.b-cdn.net/html/ethics-html/preview/assets/image/home1/product-image16.png]
[demo-egenslab.b-cdn.net/html/ethics-html/preview/assets/image/home1/newsletter-image.jpg]
[demo-egenslab.b-cdn.net/html/ethics-html/preview/assets/image/home1/newsletter-image2.png]
[demo-egenslab.b-cdn.net/html/ethics-html/preview/assets/image/home1/gallery-image.png]
[demo-egenslab.b-cdn.net/html/ethics-html/preview/assets/image/home1/gallery-image2.png]
[demo-egenslab.b-cdn.net/html/ethics-html/preview/assets/image/home1/gallery-image3.png]
[demo-egenslab.b-cdn.net/html/ethics-html/preview/assets/image/home1/gallery-image4.png]
[demo-egenslab.b-cdn.net/html/ethics-html/preview/assets/image/home1/gallery-image5.png]
[demo-egenslab.b-cdn.net/html/ethics-html/preview/assets/image/home1/icon/ethics-footer-logo.svg]
[demo-egenslab.b-cdn.net/html/ethics-html/preview/assets/image/home1/visa.png]
[demo-egenslab.b-cdn.net/html/ethics-html/preview/assets/image/home1/mastercard.png]
[demo-egenslab.b-cdn.net/html/ethics-html/preview/assets/image/home1/american-exprees.png]
[demo-egenslab.b-cdn.net/html/ethics-html/preview/assets/image/home1/maetro.png]
[demo-egenslab.b-cdn.net/cdn-cgi/scripts/5c5dd728/cloudflare-static/email-decode.min.js]
[demo-egenslab.b-cdn.net/html/ethics-html/preview/assets/js/jquery-3.7.1.min.js]
[demo-egenslab.b-cdn.net/html/ethics-html/preview/assets/js/jquery-ui.js]
[demo-egenslab.b-cdn.net/html/ethics-html/preview/assets/js/waypoints.js]
[demo-egenslab.b-cdn.net/html/ethics-html/preview/assets/js/jquery.counterup.js]
[demo-egenslab.b-cdn.net/html/ethics-html/preview/assets/js/jquery.counterup.min.js]
[demo-egenslab.b-cdn.net/html/ethics-html/preview/assets/js/jquery.marquee.min.js]
[demo-egenslab.b-cdn.net/html/ethics-html/preview/assets/js/popper.min.js]
[demo-egenslab.b-cdn.net/html/ethics-html/preview/assets/js/swiper-bundle.min.js]
[demo-egenslab.b-cdn.net/html/ethics-html/preview/assets/js/jquery.fancybox.min.js]
[demo-egenslab.b-cdn.net/html/ethics-html/preview/assets/js/jquery.nice-select.min.js]
[demo-egenslab.b-cdn.net/html/ethics-html/preview/assets/js/wow.min.js]
[demo-egenslab.b-cdn.net/html/ethics-html/preview/assets/js/bootstrap.min.js]
[demo-egenslab.b-cdn.net/html/ethics-html/preview/index.html]
[demo-egenslab.b-cdn.net/html/ethics-html/preview/assets/css/swiper-bundle.min.css]
[demo-egenslab.b-cdn.net/html/ethics-html/preview/assets/css/jquery.fancybox.min.css]
[demo-egenslab.b-cdn.net/html/ethics-html/preview/assets/css/animate.css]
[demo-egenslab.b-cdn.net/html/ethics-html/preview/assets/css/nice-select.css]
[demo-egenslab.b-cdn.net/html/ethics-html/preview/assets/js/main.js]
[demo-egenslab.b-cdn.net/html/ethics-html/preview/assets/css/fonts/bootstrap-icons0107.woff2]
[demo-egenslab.b-cdn.net/html/ethics-html/preview/assets/css/bootstrap-icons.min.css]
[demo-egenslab.b-cdn.net/html/ethics-html/preview/assets/css/bootstrap.min.css]
[demo-egenslab.b-cdn.net/html/ethics-html/preview/assets/css/fonts/bootstrap-icons0107.woff]
[demo-egenslab.b-cdn.net/html/ethics-html/preview/assets/fonts/boxicons.woff2]
[demo-egenslab.b-cdn.net/html/ethics-html/preview/assets/fonts/boxicons.eot]
[demo-egenslab.b-cdn.net/html/ethics-html/preview/assets/fonts/boxicons.woff]
[demo-egenslab.b-cdn.net/html/ethics-html/preview/assets/fonts/boxicons.ttf]
[demo-egenslab.b-cdn.net/html/ethics-html/preview/assets/css/boxicons.min.css]
[demo-egenslab.b-cdn.net/html/ethics-html/preview/assets/fonts/boxiconsd41d.svg]
[demo-egenslab.b-cdn.net/html/ethics-html/preview/assets/image/home1/icon/quot.svg]
[demo-egenslab.b-cdn.net/html/ethics-html/preview/assets/image/inner-page/icon/text-side-icon.svg]
[demo-egenslab.b-cdn.net/html/ethics-html/preview/assets/image/inner-page/icon/checkbox-check.svg]
[demo-egenslab.b-cdn.net/html/ethics-html/preview/assets/image/home4/product-details-image.jpg]
[demo-egenslab.b-cdn.net/html/ethics-html/preview/assets/css/style.css]
[demo-egenslab.b-cdn.net/html/ethics-html/preview/assets/image/thumbnail.svg]
[demo-egenslab.b-cdn.net/html/ethics-html/preview/assets/image/inner-page/breadcrumbs-image5.jpg]
[demo-egenslab.b-cdn.net/html/ethics-html/preview/assets/image/inner-page/sb-product2.png]
[demo-egenslab.b-cdn.net/html/ethics-html/preview/assets/image/inner-page/sb-product1.png]
[demo-egenslab.b-cdn.net/html/ethics-html/preview/product.html]
[demo-egenslab.b-cdn.net/html/ethics-html/preview/cart-page.html]
[demo-egenslab.b-cdn.net/html/ethics-html/preview/assets/image/inner-page/icon/visa-card.svg]
[demo-egenslab.b-cdn.net/html/ethics-html/preview/assets/image/inner-page/icon/amex-card.svg]
[demo-egenslab.b-cdn.net/html/ethics-html/preview/assets/image/inner-page/icon/discover-card.svg]
[demo-egenslab.b-cdn.net/html/ethics-html/preview/assets/image/inner-page/icon/master-card.svg]
[demo-egenslab.b-cdn.net/html/ethics-html/preview/assets/image/inner-page/icon/stripe-card.svg]
[demo-egenslab.b-cdn.net/html/ethics-html/preview/assets/image/inner-page/icon/paypal.svg]
[demo-egenslab.b-cdn.net/html/ethics-html/preview/checkout-page.html]
[demo-egenslab.b-cdn.net/html/ethics-html/preview/assets/image/inner-page/icon/apple-card.svg]
[demo-egenslab.b-cdn.net/html/ethics-html/preview/assets/image/inner-page/wishlist-image.png]
[demo-egenslab.b-cdn.net/html/ethics-html/preview/assets/image/inner-page/wishlist-image2.png]
[demo-egenslab.b-cdn.net/html/ethics-html/preview/assets/image/inner-page/wishlist-image3.png]
[demo-egenslab.b-cdn.net/html/ethics-html/preview/assets/image/inner-page/wishlist-image4.png]
[demo-egenslab.b-cdn.net/html/ethics-html/preview/whislist.html]
[demo-egenslab.b-cdn.net/html/ethics-html/preview/assets/image/ethics-logo.svg]
[demo-egenslab.b-cdn.net/html/ethics-html/preview/assets/image/ethics-logo-dark.svg]
[demo-egenslab.b-cdn.net/html/ethics-html/preview/assets/image/home2/banner-01.png]
[demo-egenslab.b-cdn.net/html/ethics-html/preview/assets/image/home2/banner-02.png]
[demo-egenslab.b-cdn.net/html/ethics-html/preview/assets/image/home2/banner-03.png]
[demo-egenslab.b-cdn.net/html/ethics-html/preview/assets/image/home2/discount-section-image.png]
[demo-egenslab.b-cdn.net/html/ethics-html/preview/assets/image/home2/discount-section-image2.png]
[demo-egenslab.b-cdn.net/html/ethics-html/preview/assets/image/home2/discount-section-image3.png]
[demo-egenslab.b-cdn.net/html/ethics-html/preview/assets/image/home2/discount-section-image4.png]
[demo-egenslab.b-cdn.net/html/ethics-html/preview/assets/image/home2/discount-bootom-image.png]
[demo-egenslab.b-cdn.net/html/ethics-html/preview/assets/image/home2/home2-product-image.png]
[demo-egenslab.b-cdn.net/html/ethics-html/preview/assets/image/home2/home2-product-image2.png]
[demo-egenslab.b-cdn.net/html/ethics-html/preview/assets/image/home2/home2-product-image3.png]
[demo-egenslab.b-cdn.net/html/ethics-html/preview/assets/image/home2/home2-product-image10.jpg]
[demo-egenslab.b-cdn.net/html/ethics-html/preview/assets/image/home2/home2-product-image11.jpg]
[demo-egenslab.b-cdn.net/html/ethics-html/preview/assets/image/home2/home2-product-image12.jpg]
[demo-egenslab.b-cdn.net/html/ethics-html/preview/assets/image/home2/product-section3-image.jpg]
[demo-egenslab.b-cdn.net/html/ethics-html/preview/assets/image/home2/product-section3-image2.jpg]
[demo-egenslab.b-cdn.net/html/ethics-html/preview/assets/image/home2/banner-product-image.jpg]
[demo-egenslab.b-cdn.net/html/ethics-html/preview/assets/image/home2/banner-product-image2.jpg]
[demo-egenslab.b-cdn.net/html/ethics-html/preview/assets/image/home2/banner-product-image3.jpg]
[demo-egenslab.b-cdn.net/html/ethics-html/preview/assets/image/home2/banner-product-image4.png]
[demo-egenslab.b-cdn.net/html/ethics-html/preview/assets/image/home2/banner-product-image5.png]
[demo-egenslab.b-cdn.net/html/ethics-html/preview/assets/image/home2/banner-product-image6.png]
[demo-egenslab.b-cdn.net/html/ethics-html/preview/assets/image/home2/home2-product-image4.jpg]
[demo-egenslab.b-cdn.net/html/ethics-html/preview/assets/image/home2/home2-product-image5.jpg]
[demo-egenslab.b-cdn.net/html/ethics-html/preview/assets/image/home2/home2-product-image6.jpg]
[demo-egenslab.b-cdn.net/html/ethics-html/preview/assets/image/home2/home2-product-image8.jpg]
[demo-egenslab.b-cdn.net/html/ethics-html/preview/assets/image/home2/home2-product-image9.jpg]
[demo-egenslab.b-cdn.net/html/ethics-html/preview/assets/image/home2/home2-newsletter-image.jpg]
[demo-egenslab.b-cdn.net/html/ethics-html/preview/assets/image/home2/home2-blog-image.jpg]
[demo-egenslab.b-cdn.net/html/ethics-html/preview/assets/image/home2/home2-blog-image2.jpg]
[demo-egenslab.b-cdn.net/html/ethics-html/preview/index2.html]
[demo-egenslab.b-cdn.net/html/ethics-html/preview/assets/image/home2/home2-blog-image3.jpg]
[demo-egenslab.b-cdn.net/html/ethics-html/preview/assets/image/home3/home3-banner-image.jpg]
[demo-egenslab.b-cdn.net/html/ethics-html/preview/assets/image/home3/home3-banner-image2.jpg]
[demo-egenslab.b-cdn.net/html/ethics-html/preview/assets/image/home3/home3-banner-image3.jpg]
[demo-egenslab.b-cdn.net/html/ethics-html/preview/assets/image/home3/home3-banner-image4.jpg]
[demo-egenslab.b-cdn.net/html/ethics-html/preview/assets/image/home3/home3-banner-image5.jpg]
[demo-egenslab.b-cdn.net/html/ethics-html/preview/assets/image/home3/home3-product-image.png]
[demo-egenslab.b-cdn.net/html/ethics-html/preview/assets/image/home3/home3-product-image2.png]
[demo-egenslab.b-cdn.net/html/ethics-html/preview/assets/image/home3/home3-product-image3.png]
[demo-egenslab.b-cdn.net/html/ethics-html/preview/assets/image/home3/home3-product-image4.png]
[demo-egenslab.b-cdn.net/html/ethics-html/preview/assets/image/home3/home3-product-image5.png]
[demo-egenslab.b-cdn.net/html/ethics-html/preview/assets/image/home3/home3-product-image6.png]
[demo-egenslab.b-cdn.net/html/ethics-html/preview/assets/image/home3/home3-product-image7.png]
[demo-egenslab.b-cdn.net/html/ethics-html/preview/assets/image/home3/home3-product-image8.png]
[demo-egenslab.b-cdn.net/html/ethics-html/preview/assets/image/home3/home3-swiper-image.jpg]
[demo-egenslab.b-cdn.net/html/ethics-html/preview/assets/image/home3/home3-swiper-image2.jpg]
[demo-egenslab.b-cdn.net/html/ethics-html/preview/assets/image/home3/home3-swiper-image3.jpg]
[demo-egenslab.b-cdn.net/html/ethics-html/preview/assets/image/home3/category-image.png]
[demo-egenslab.b-cdn.net/html/ethics-html/preview/assets/image/home3/category-image2.png]
[demo-egenslab.b-cdn.net/html/ethics-html/preview/assets/image/home3/category-image3.png]
[demo-egenslab.b-cdn.net/html/ethics-html/preview/assets/image/home3/category-image4.png]
[demo-egenslab.b-cdn.net/html/ethics-html/preview/assets/image/home3/category-image5.png]
[demo-egenslab.b-cdn.net/html/ethics-html/preview/assets/image/home3/category-image6.png]
[demo-egenslab.b-cdn.net/html/ethics-html/preview/assets/image/home3/home3-product-image9.png]
[demo-egenslab.b-cdn.net/html/ethics-html/preview/assets/image/home3/home3-product-image10.png]
[demo-egenslab.b-cdn.net/html/ethics-html/preview/assets/image/home3/home3-product-image11.png]
[demo-egenslab.b-cdn.net/html/ethics-html/preview/assets/image/home3/home3-product-image12.png]
[demo-egenslab.b-cdn.net/html/ethics-html/preview/assets/image/home3/home3-product-image13.png]
[demo-egenslab.b-cdn.net/html/ethics-html/preview/assets/image/home3/home3-product-image14.png]
[demo-egenslab.b-cdn.net/html/ethics-html/preview/assets/image/home3/home3-product-image15.png]
[demo-egenslab.b-cdn.net/html/ethics-html/preview/assets/image/home3/home3-product-image16.png]
[demo-egenslab.b-cdn.net/html/ethics-html/preview/assets/image/home3/banner-left-image.jpg]
[demo-egenslab.b-cdn.net/html/ethics-html/preview/assets/image/home3/banner-right-image.jpg]
[demo-egenslab.b-cdn.net/html/ethics-html/preview/assets/image/home3/shop-banner-image.png]
[demo-egenslab.b-cdn.net/html/ethics-html/preview/assets/image/home3/newslwtter-image.jpg]
[demo-egenslab.b-cdn.net/html/ethics-html/preview/index3.html]
[demo-egenslab.b-cdn.net/html/ethics-html/preview/assets/image/home4/home4-banner-image.jpg]
[demo-egenslab.b-cdn.net/html/ethics-html/preview/assets/image/inner-page/hover-card-image.png]
[demo-egenslab.b-cdn.net/html/ethics-html/preview/assets/image/home4/home4-banner-image2.jpg]
[demo-egenslab.b-cdn.net/html/ethics-html/preview/assets/image/home4/home4-banner-image3.jpg]
[demo-egenslab.b-cdn.net/html/ethics-html/preview/assets/image/home4/home4-categoris-image.png]
[demo-egenslab.b-cdn.net/html/ethics-html/preview/assets/image/home4/home4-categoris-image2.png]
[demo-egenslab.b-cdn.net/html/ethics-html/preview/assets/image/home4/home4-categoris-image3.png]
[demo-egenslab.b-cdn.net/html/ethics-html/preview/assets/image/home4/home4-categoris-image4.png]
[demo-egenslab.b-cdn.net/html/ethics-html/preview/assets/image/home4/home4-categoris-image5.png]
[demo-egenslab.b-cdn.net/html/ethics-html/preview/assets/image/home4/home4-categoris-image6.png]
[demo-egenslab.b-cdn.net/html/ethics-html/preview/assets/image/home4/home4-categoris-image7.png]
[demo-egenslab.b-cdn.net/html/ethics-html/preview/assets/image/home4/home4-categoris-image8.png]
[demo-egenslab.b-cdn.net/html/ethics-html/preview/assets/image/home4/home4-categoris-image9.png]
[demo-egenslab.b-cdn.net/html/ethics-html/preview/assets/image/home4/home4-categoris-image10.png]
[demo-egenslab.b-cdn.net/html/ethics-html/preview/assets/image/home4/home4-categoris-image11.png]
[demo-egenslab.b-cdn.net/html/ethics-html/preview/assets/image/home4/home4-categoris-image12.png]
[demo-egenslab.b-cdn.net/html/ethics-html/preview/assets/image/home4/home4-categoris-image13.png]
[demo-egenslab.b-cdn.net/html/ethics-html/preview/assets/image/home4/home4-categoris-image14.png]
[demo-egenslab.b-cdn.net/html/ethics-html/preview/assets/image/home4/home4-newsletter-image.jpg]
[demo-egenslab.b-cdn.net/html/ethics-html/preview/assets/image/home4/fashion-banner-background.jpg]
[demo-egenslab.b-cdn.net/html/ethics-html/preview/assets/image/home4/hover-card-image1.png]
[demo-egenslab.b-cdn.net/html/ethics-html/preview/assets/image/home4/hover-card-image2.png]
[demo-egenslab.b-cdn.net/html/ethics-html/preview/assets/image/home4/hover-card-image3.png]
[demo-egenslab.b-cdn.net/html/ethics-html/preview/index4.html]
[demo-egenslab.b-cdn.net/html/ethics-html/preview/assets/image/home4/hover-card-image4.png]
[demo-egenslab.b-cdn.net/html/ethics-html/preview/assets/image/home5/home5-banner-img1.jpg]
[demo-egenslab.b-cdn.net/html/ethics-html/preview/assets/image/home5/home5-banner-img2.jpg]
[demo-egenslab.b-cdn.net/html/ethics-html/preview/assets/image/home5/home5-banner-img3.jpg]
[demo-egenslab.b-cdn.net/html/ethics-html/preview/assets/image/home5/home5-banner-img4.jpg]
[demo-egenslab.b-cdn.net/html/ethics-html/preview/assets/image/home5/home5-banner-img5.jpg]
[demo-egenslab.b-cdn.net/html/ethics-html/preview/assets/image/home5/home5-banner-img6.jpg]
[demo-egenslab.b-cdn.net/html/ethics-html/preview/assets/image/home5/categories-image.png]
[demo-egenslab.b-cdn.net/html/ethics-html/preview/assets/image/home5/categories-image2.png]
[demo-egenslab.b-cdn.net/html/ethics-html/preview/assets/image/home5/categories-image3.png]
[demo-egenslab.b-cdn.net/html/ethics-html/preview/assets/image/home5/categories-image4.png]
[demo-egenslab.b-cdn.net/html/ethics-html/preview/assets/image/home5/categories-image5.png]
[demo-egenslab.b-cdn.net/html/ethics-html/preview/assets/image/home5/categories-image6.png]
[demo-egenslab.b-cdn.net/html/ethics-html/preview/assets/image/home5/categories-image7.png]
[demo-egenslab.b-cdn.net/html/ethics-html/preview/assets/image/home5/categories-image8.png]
[demo-egenslab.b-cdn.net/html/ethics-html/preview/assets/image/home5/categories-image9.png]
[demo-egenslab.b-cdn.net/html/ethics-html/preview/assets/image/home5/categories-image10.png]
[demo-egenslab.b-cdn.net/html/ethics-html/preview/assets/image/home5/categories-image11.png]
[demo-egenslab.b-cdn.net/html/ethics-html/preview/assets/image/home5/categories-image12.png]
[demo-egenslab.b-cdn.net/html/ethics-html/preview/assets/image/home5/shop-banner-image.jpg]
[demo-egenslab.b-cdn.net/html/ethics-html/preview/assets/image/home5/collection-banner-image.jpg]
[demo-egenslab.b-cdn.net/html/ethics-html/preview/assets/image/home5/limited-offer-banner-image.jpg]
[demo-egenslab.b-cdn.net/html/ethics-html/preview/index5.html]
[demo-egenslab.b-cdn.net/html/ethics-html/preview/assets/image/home6/men-fashion.jpg]
[demo-egenslab.b-cdn.net/html/ethics-html/preview/assets/image/home6/women-fashion.jpg]
[demo-egenslab.b-cdn.net/html/ethics-html/preview/assets/image/home6/home6-banner-img.jpg]
[demo-egenslab.b-cdn.net/html/ethics-html/preview/assets/image/home6/home6-banner-img2.jpg]
[demo-egenslab.b-cdn.net/html/ethics-html/preview/assets/image/home6/home6-banner-img3.jpg]
[demo-egenslab.b-cdn.net/html/ethics-html/preview/assets/image/home6/home6-categorie-image.png]
[demo-egenslab.b-cdn.net/html/ethics-html/preview/assets/image/home6/home6-categorie-image2.png]
[demo-egenslab.b-cdn.net/html/ethics-html/preview/assets/image/home6/home6-categorie-image3.png]
[demo-egenslab.b-cdn.net/html/ethics-html/preview/assets/image/home6/home6-categorie-image4.png]
[demo-egenslab.b-cdn.net/html/ethics-html/preview/assets/image/home6/home6-categorie-image5.png]
[demo-egenslab.b-cdn.net/html/ethics-html/preview/assets/image/home6/home6-categorie-image6.png]
[demo-egenslab.b-cdn.net/html/ethics-html/preview/assets/image/inner-page/product-image.png]
[demo-egenslab.b-cdn.net/html/ethics-html/preview/assets/image/inner-page/product-image2.png]
[demo-egenslab.b-cdn.net/html/ethics-html/preview/assets/image/inner-page/product-image3.png]
[demo-egenslab.b-cdn.net/html/ethics-html/preview/assets/image/inner-page/product-image4.png]
[demo-egenslab.b-cdn.net/html/ethics-html/preview/assets/image/inner-page/shop-slider-image.png]
[demo-egenslab.b-cdn.net/html/ethics-html/preview/assets/image/inner-page/shop-slider-image2.png]
[demo-egenslab.b-cdn.net/html/ethics-html/preview/assets/image/inner-page/shop-slider-image3.png]
[demo-egenslab.b-cdn.net/html/ethics-html/preview/assets/image/inner-page/shop-slider-image4.png]
[demo-egenslab.b-cdn.net/html/ethics-html/preview/assets/image/inner-page/product-image5.png]
[demo-egenslab.b-cdn.net/html/ethics-html/preview/assets/image/inner-page/product-image6.png]
[demo-egenslab.b-cdn.net/html/ethics-html/preview/assets/image/inner-page/product-image8.png]
[demo-egenslab.b-cdn.net/html/ethics-html/preview/assets/image/inner-page/shop-slider-image6.png]
[demo-egenslab.b-cdn.net/html/ethics-html/preview/assets/image/inner-page/shop-slider-image7.png]
[demo-egenslab.b-cdn.net/html/ethics-html/preview/assets/image/inner-page/product-image9.png]
[demo-egenslab.b-cdn.net/html/ethics-html/preview/assets/image/inner-page/product-image10.png]
[demo-egenslab.b-cdn.net/html/ethics-html/preview/assets/image/inner-page/product-image11.png]
[demo-egenslab.b-cdn.net/html/ethics-html/preview/assets/image/inner-page/product-image12.png]
[demo-egenslab.b-cdn.net/html/ethics-html/preview/assets/image/inner-page/shop-slider-image9.png]
[demo-egenslab.b-cdn.net/html/ethics-html/preview/assets/image/inner-page/shop-slider-image10.png]
[demo-egenslab.b-cdn.net/html/ethics-html/preview/assets/image/inner-page/shop-slider-image11.png]
[demo-egenslab.b-cdn.net/html/ethics-html/preview/assets/image/inner-page/shop-slider-image12.png]
[demo-egenslab.b-cdn.net/html/ethics-html/preview/assets/image/inner-page/product-image13.png]
[demo-egenslab.b-cdn.net/html/ethics-html/preview/assets/image/inner-page/product-image14.png]
[demo-egenslab.b-cdn.net/html/ethics-html/preview/assets/image/inner-page/product-image15.png]
[demo-egenslab.b-cdn.net/html/ethics-html/preview/assets/image/inner-page/product-image16.png]
[demo-egenslab.b-cdn.net/html/ethics-html/preview/assets/image/inner-page/shop-slider-image13.png]
[demo-egenslab.b-cdn.net/html/ethics-html/preview/assets/image/inner-page/shop-slider-image14.png]
[demo-egenslab.b-cdn.net/html/ethics-html/preview/assets/image/inner-page/shop-slider-image15.png]
[demo-egenslab.b-cdn.net/html/ethics-html/preview/assets/image/inner-page/shop-slider-image16.png]
[demo-egenslab.b-cdn.net/html/ethics-html/preview/assets/image/home6/home6-offer-banner1.jpg]
[demo-egenslab.b-cdn.net/html/ethics-html/preview/assets/image/home6/home6-offer-banner2.jpg]
[demo-egenslab.b-cdn.net/html/ethics-html/preview/assets/image/home6/home6-partner-logo.png]
[demo-egenslab.b-cdn.net/html/ethics-html/preview/assets/image/home6/home6-partner-logo2.png]
[demo-egenslab.b-cdn.net/html/ethics-html/preview/assets/image/home6/home6-partner-logo3.png]
[demo-egenslab.b-cdn.net/html/ethics-html/preview/assets/image/home6/home6-partner-logo4.png]
[demo-egenslab.b-cdn.net/html/ethics-html/preview/assets/image/home6/home6-partner-logo5.png]
[demo-egenslab.b-cdn.net/html/ethics-html/preview/assets/image/home6/home6-partner-logo6.png]
[demo-egenslab.b-cdn.net/html/ethics-html/preview/assets/image/home6/home6-partner-logo7.png]
[demo-egenslab.b-cdn.net/html/ethics-html/preview/assets/image/home6/home6-partner-logo8.png]
[demo-egenslab.b-cdn.net/html/ethics-html/preview/assets/image/home6/home6-partner-logo9.png]
[demo-egenslab.b-cdn.net/html/ethics-html/preview/assets/image/home6/testimonial-section-img1.jpg]
[demo-egenslab.b-cdn.net/html/ethics-html/preview/assets/image/home6/testimonial-section-img2.jpg]
[demo-egenslab.b-cdn.net/html/ethics-html/preview/assets/image/home6/testimonial-section-img3.jpg]
[demo-egenslab.b-cdn.net/html/ethics-html/preview/index6.html]
[demo-egenslab.b-cdn.net/html/ethics-html/preview/assets/image/inner-page/breadcrumbs-image2.jpg]
[demo-egenslab.b-cdn.net/html/ethics-html/preview/assets/image/inner-page/sidebar-product-image.png]
[demo-egenslab.b-cdn.net/html/ethics-html/preview/assets/image/inner-page/sidebar-product-image2.png]
[demo-egenslab.b-cdn.net/html/ethics-html/preview/assets/image/inner-page/footer-top-image.png]
[demo-egenslab.b-cdn.net/html/ethics-html/preview/3columns-left.html]
[demo-egenslab.b-cdn.net/html/ethics-html/preview/assets/js/range-slider.js]
[demo-egenslab.b-cdn.net/html/ethics-html/preview/assets/image/inner-page/breadcrumbs-image4.jpg]
[demo-egenslab.b-cdn.net/html/ethics-html/preview/shop-slider.html]
[demo-egenslab.b-cdn.net/html/ethics-html/preview/1columns-left.html]
[demo-egenslab.b-cdn.net/html/ethics-html/preview/1columns-right.html]
[demo-egenslab.b-cdn.net/html/ethics-html/preview/assets/image/inner-page/2colums-image.png]
[demo-egenslab.b-cdn.net/html/ethics-html/preview/assets/image/inner-page/2colums-image2.png]
[demo-egenslab.b-cdn.net/html/ethics-html/preview/assets/image/inner-page/2colums-image3.png]
[demo-egenslab.b-cdn.net/html/ethics-html/preview/assets/image/inner-page/product-image17.png]
[demo-egenslab.b-cdn.net/html/ethics-html/preview/assets/image/inner-page/2Colums-image4.png]
[demo-egenslab.b-cdn.net/html/ethics-html/preview/assets/image/inner-page/2Colums-image5.png]
[demo-egenslab.b-cdn.net/html/ethics-html/preview/2columns-left.html]
[demo-egenslab.b-cdn.net/html/ethics-html/preview/assets/js/slick.min.js]
[demo-egenslab.b-cdn.net/html/ethics-html/preview/assets/image/inner-page/2Colums-image.150.delayed]
[demo-egenslab.b-cdn.net/html/ethics-html/preview/assets/image/inner-page/2Colums-image2-2.png]
[demo-egenslab.b-cdn.net/html/ethics-html/preview/assets/image/inner-page/2Colums-image3-2.png]
[demo-egenslab.b-cdn.net/html/ethics-html/preview/2columns-right.html]
[demo-egenslab.b-cdn.net/html/ethics-html/preview/assets/image/inner-page/product-image18.png]
[demo-egenslab.b-cdn.net/html/ethics-html/preview/3columns-page.html]
[demo-egenslab.b-cdn.net/html/ethics-html/preview/3columns-right.html]
[demo-egenslab.b-cdn.net/html/ethics-html/preview/4columns-page.html]
[demo-egenslab.b-cdn.net/html/ethics-html/preview/assets/image/inner-page/categories2-image.png]
[demo-egenslab.b-cdn.net/html/ethics-html/preview/assets/image/inner-page/categories2-image2.png]
[demo-egenslab.b-cdn.net/html/ethics-html/preview/assets/image/inner-page/categories2-image3.png]
[demo-egenslab.b-cdn.net/html/ethics-html/preview/assets/image/inner-page/categories2-image4.png]
[demo-egenslab.b-cdn.net/html/ethics-html/preview/assets/image/inner-page/categories2-image5.png]
[demo-egenslab.b-cdn.net/html/ethics-html/preview/assets/image/inner-page/categories2-image6.png]
[demo-egenslab.b-cdn.net/html/ethics-html/preview/assets/image/inner-page/categories2-image7.png]
[demo-egenslab.b-cdn.net/html/ethics-html/preview/assets/image/inner-page/categories2-image8.png]
[demo-egenslab.b-cdn.net/html/ethics-html/preview/category-top.html]
[demo-egenslab.b-cdn.net/html/ethics-html/preview/top-filter-bar.html]
[demo-egenslab.b-cdn.net/html/ethics-html/preview/my-account.html]
[demo-egenslab.b-cdn.net/html/ethics-html/preview/assets/image/inner-page/comment-author-image.png]
[demo-egenslab.b-cdn.net/html/ethics-html/preview/product-details.html]
[demo-egenslab.b-cdn.net/html/ethics-html/preview/assets/image/inner-page/comment-author-image2.png]
[demo-egenslab.b-cdn.net/html/ethics-html/preview/product-details2.html]
[demo-egenslab.b-cdn.net/html/ethics-html/preview/assets/image/inner-page/product-details-slider-img1.png]
[demo-egenslab.b-cdn.net/html/ethics-html/preview/assets/image/inner-page/product-details-slider-img2.png]
[demo-egenslab.b-cdn.net/html/ethics-html/preview/assets/image/inner-page/product-details-slider-img3.png]
[demo-egenslab.b-cdn.net/html/ethics-html/preview/assets/image/inner-page/product-details-slider-img4.png]
[demo-egenslab.b-cdn.net/html/ethics-html/preview/assets/image/inner-page/product-details-slider-img5.png]
[demo-egenslab.b-cdn.net/html/ethics-html/preview/product-details3.html]
[demo-egenslab.b-cdn.net/html/ethics-html/preview/product-details4.html]
[demo-egenslab.b-cdn.net/html/ethics-html/preview/assets/image/inner-page/blog-gride-breadcrumbs-image.jpg]
[demo-egenslab.b-cdn.net/html/ethics-html/preview/assets/image/inner-page/blog-image.jpg]
[demo-egenslab.b-cdn.net/html/ethics-html/preview/assets/image/inner-page/blog-image2.jpg]
[demo-egenslab.b-cdn.net/html/ethics-html/preview/assets/image/inner-page/blog-image3.jpg]
[demo-egenslab.b-cdn.net/html/ethics-html/preview/assets/image/inner-page/blog-image4.jpg]
[demo-egenslab.b-cdn.net/html/ethics-html/preview/assets/image/inner-page/blog-image5.jpg]
[demo-egenslab.b-cdn.net/html/ethics-html/preview/assets/image/inner-page/blog-image6.jpg]
[demo-egenslab.b-cdn.net/html/ethics-html/preview/blog-grid.html]
[demo-egenslab.b-cdn.net/html/ethics-html/preview/assets/image/inner-page/lalest-post-image.png]
[demo-egenslab.b-cdn.net/html/ethics-html/preview/assets/image/inner-page/latest-post-image2.png]
[demo-egenslab.b-cdn.net/html/ethics-html/preview/assets/image/inner-page/latest-post-image3.png]
[demo-egenslab.b-cdn.net/html/ethics-html/preview/assets/image/inner-page/latest-post-image4.png]
[demo-egenslab.b-cdn.net/html/ethics-html/preview/assets/image/inner-page/blog-standars-image.jpg]
[demo-egenslab.b-cdn.net/html/ethics-html/preview/assets/image/inner-page/blog-standars-image2.jpg]
[demo-egenslab.b-cdn.net/html/ethics-html/preview/blog-standard-left.html]
[demo-egenslab.b-cdn.net/html/ethics-html/preview/assets/image/inner-page/blog-standars-image3.jpg]
[demo-egenslab.b-cdn.net/html/ethics-html/preview/assets/image/inner-page/author-image.png]
[demo-egenslab.b-cdn.net/html/ethics-html/preview/assets/image/inner-page/blog-details-image.jpg]
[demo-egenslab.b-cdn.net/html/ethics-html/preview/blog-details.html]
[demo-egenslab.b-cdn.net/html/ethics-html/preview/assets/image/inner-page/blog-details-image2.jpg]
[demo-egenslab.b-cdn.net/html/ethics-html/preview/assets/image/inner-page/breadcrumb-image3.jpg]
[demo-egenslab.b-cdn.net/html/ethics-html/preview/assets/image/inner-page/video-image.jpg]
[demo-egenslab.b-cdn.net/html/ethics-html/preview/assets/image/inner-page/our-value-image.jpg]
[demo-egenslab.b-cdn.net/html/ethics-html/preview/about-us.html]
[demo-egenslab.b-cdn.net/html/ethics-html/preview/assets/image/inner-page/categories-image.png]
[demo-egenslab.b-cdn.net/html/ethics-html/preview/assets/image/inner-page/categories-image2.png]
[demo-egenslab.b-cdn.net/html/ethics-html/preview/assets/image/inner-page/categories-image3.png]
[demo-egenslab.b-cdn.net/html/ethics-html/preview/assets/image/inner-page/categories-image4.png]
[demo-egenslab.b-cdn.net/html/ethics-html/preview/assets/image/inner-page/categories-image5.png]
[demo-egenslab.b-cdn.net/html/ethics-html/preview/assets/image/inner-page/categories-image6.png]
[demo-egenslab.b-cdn.net/html/ethics-html/preview/assets/image/inner-page/categories-image7.png]
[demo-egenslab.b-cdn.net/html/ethics-html/preview/assets/image/inner-page/categories-image8.png]
[demo-egenslab.b-cdn.net/html/ethics-html/preview/assets/image/inner-page/categories-image9.png]
[demo-egenslab.b-cdn.net/html/ethics-html/preview/assets/image/inner-page/categories-image10.png]
[demo-egenslab.b-cdn.net/html/ethics-html/preview/assets/image/inner-page/categories-image11.png]
[demo-egenslab.b-cdn.net/html/ethics-html/preview/assets/image/inner-page/categories-image12.png]
[demo-egenslab.b-cdn.net/html/ethics-html/preview/assets/image/inner-page/categories-image13.png]
[demo-egenslab.b-cdn.net/html/ethics-html/preview/assets/image/inner-page/categories-image14.png]
[demo-egenslab.b-cdn.net/html/ethics-html/preview/assets/image/inner-page/categories-image15.png]
[demo-egenslab.b-cdn.net/html/ethics-html/preview/assets/image/inner-page/categories-image16.png]
[demo-egenslab.b-cdn.net/html/ethics-html/preview/assets/image/inner-page/categories-image17.png]
[demo-egenslab.b-cdn.net/html/ethics-html/preview/assets/image/inner-page/categories-image18.png]
[demo-egenslab.b-cdn.net/html/ethics-html/preview/assets/image/inner-page/categories-image19.png]
[demo-egenslab.b-cdn.net/html/ethics-html/preview/assets/image/inner-page/categories-image20.png]
[demo-egenslab.b-cdn.net/html/ethics-html/preview/assets/image/inner-page/categories-image21.png]
[demo-egenslab.b-cdn.net/html/ethics-html/preview/assets/image/inner-page/categories-image22.png]
[demo-egenslab.b-cdn.net/html/ethics-html/preview/assets/image/inner-page/categories-image23.png]
[demo-egenslab.b-cdn.net/html/ethics-html/preview/assets/image/inner-page/categories-image24.png]
[demo-egenslab.b-cdn.net/html/ethics-html/preview/assets/image/inner-page/categories-image25.png]
[demo-egenslab.b-cdn.net/html/ethics-html/preview/assets/image/inner-page/categories-image26.png]
[demo-egenslab.b-cdn.net/html/ethics-html/preview/assets/image/inner-page/categories-image32.png]
[demo-egenslab.b-cdn.net/html/ethics-html/preview/assets/image/inner-page/categories-image27.png]
[demo-egenslab.b-cdn.net/html/ethics-html/preview/assets/image/inner-page/categories-image28.png]
[demo-egenslab.b-cdn.net/html/ethics-html/preview/assets/image/inner-page/categories-image29.png]
[demo-egenslab.b-cdn.net/html/ethics-html/preview/assets/image/inner-page/categories-image30.png]
[demo-egenslab.b-cdn.net/html/ethics-html/preview/assets/image/inner-page/categories-image31.png]
[demo-egenslab.b-cdn.net/html/ethics-html/preview/categories.html]
[demo-egenslab.b-cdn.net/html/ethics-html/preview/assets/image/inner-page/womens-collection-image.png]
[demo-egenslab.b-cdn.net/html/ethics-html/preview/categories2.html]
[demo-egenslab.b-cdn.net/html/ethics-html/preview/assets/image/inner-page/faq-breadcrumb.jpg]
[demo-egenslab.b-cdn.net/html/ethics-html/preview/faq.html]
[demo-egenslab.b-cdn.net/html/ethics-html/preview/assets/image/inner-page/error-img.png]
[demo-egenslab.b-cdn.net/html/ethics-html/preview/error.html]
[demo-egenslab.b-cdn.net/html/ethics-html/preview/assets/image/inner-page/breadcrumbs-image.jpg]
[demo-egenslab.b-cdn.net/html/ethics-html/preview/contact.html]
[demo-egenslab.b-cdn.net/html/ethics-html/preview/services-01.html]
[demo-egenslab.b-cdn.net/html/ethics-html/preview/assets/image/home1/icon/ethics-footer-logo.svg]
[demo-egenslab.b-cdn.net/html/ethics-html/preview/assets/fonts/boxiconsd41d.svg]
[demo-egenslab.b-cdn.net/html/ethics-html/preview/assets/image/home1/icon/quot.svg]
[demo-egenslab.b-cdn.net/html/ethics-html/preview/assets/image/inner-page/icon/text-side-icon.svg]
[demo-egenslab.b-cdn.net/html/ethics-html/preview/assets/image/inner-page/icon/checkbox-check.svg]
[demo-egenslab.b-cdn.net/html/ethics-html/preview/product.html]
[demo-egenslab.b-cdn.net/html/ethics-html/preview/assets/image/inner-page/icon/visa-card.svg]
[demo-egenslab.b-cdn.net/html/ethics-html/preview/assets/image/inner-page/icon/amex-card.svg]
[demo-egenslab.b-cdn.net/html/ethics-html/preview/assets/image/inner-page/icon/discover-card.svg]
[demo-egenslab.b-cdn.net/html/ethics-html/preview/assets/image/inner-page/icon/master-card.svg]
[demo-egenslab.b-cdn.net/html/ethics-html/preview/assets/image/inner-page/icon/stripe-card.svg]
[demo-egenslab.b-cdn.net/html/ethics-html/preview/assets/image/inner-page/icon/paypal.svg]
[demo-egenslab.b-cdn.net/html/ethics-html/preview/assets/image/inner-page/icon/apple-card.svg]
[demo-egenslab.b-cdn.net/html/ethics-html/preview/assets/image/inner-page/product-image7.html]
[demo-egenslab.b-cdn.net/html/ethics-html/preview/assets/image/inner-page/shop-slider-image5.html]
[demo-egenslab.b-cdn.net/html/ethics-html/preview/assets/image/inner-page/shop-slider-image8.html]
[demo-egenslab.b-cdn.net/html/ethics-html/preview/assets/image/inner-page/2Colums-image4.html]
[demo-egenslab.b-cdn.net/html/ethics-html/preview/assets/image/inner-page/2Colums-image5.html]
[demo-egenslab.b-cdn.net/html/ethics-html/preview/assets/image/inner-page/2Colums-image.html]
[demo-egenslab.b-cdn.net/html/ethics-html/preview/assets/image/inner-page/2Colums-image2.html]
[demo-egenslab.b-cdn.net/html/ethics-html/preview/assets/image/inner-page/2Colums-image3.html]
